Archive member included to satisfy reference by file (symbol)

c:/software/embeddedgcc/arm_gcc/bin/../lib/gcc/arm-none-eabi/8.2.1/../../../../arm-none-eabi/lib/thumb/v7-m/nofp\libc_nano.a(lib_a-exit.o)
                              c:/software/embeddedgcc/arm_gcc/bin/../lib/gcc/arm-none-eabi/8.2.1/../../../../arm-none-eabi/lib/thumb/v7-m/nofp/crt0.o (exit)
c:/software/embeddedgcc/arm_gcc/bin/../lib/gcc/arm-none-eabi/8.2.1/../../../../arm-none-eabi/lib/thumb/v7-m/nofp\libc_nano.a(lib_a-impure.o)
                              c:/software/embeddedgcc/arm_gcc/bin/../lib/gcc/arm-none-eabi/8.2.1/../../../../arm-none-eabi/lib/thumb/v7-m/nofp\libc_nano.a(lib_a-exit.o) (_global_impure_ptr)
c:/software/embeddedgcc/arm_gcc/bin/../lib/gcc/arm-none-eabi/8.2.1/../../../../arm-none-eabi/lib/thumb/v7-m/nofp\libc_nano.a(lib_a-init.o)
                              c:/software/embeddedgcc/arm_gcc/bin/../lib/gcc/arm-none-eabi/8.2.1/../../../../arm-none-eabi/lib/thumb/v7-m/nofp/crt0.o (__libc_init_array)
c:/software/embeddedgcc/arm_gcc/bin/../lib/gcc/arm-none-eabi/8.2.1/../../../../arm-none-eabi/lib/thumb/v7-m/nofp\libc_nano.a(lib_a-memcpy-stub.o)
                              build/queue.o (memcpy)
c:/software/embeddedgcc/arm_gcc/bin/../lib/gcc/arm-none-eabi/8.2.1/../../../../arm-none-eabi/lib/thumb/v7-m/nofp\libc_nano.a(lib_a-memset.o)
                              c:/software/embeddedgcc/arm_gcc/bin/../lib/gcc/arm-none-eabi/8.2.1/../../../../arm-none-eabi/lib/thumb/v7-m/nofp/crt0.o (memset)
c:/software/embeddedgcc/arm_gcc/bin/../lib/gcc/arm-none-eabi/8.2.1/../../../../arm-none-eabi/lib/thumb/v7-m/nofp\libnosys.a(_exit.o)
                              c:/software/embeddedgcc/arm_gcc/bin/../lib/gcc/arm-none-eabi/8.2.1/../../../../arm-none-eabi/lib/thumb/v7-m/nofp\libc_nano.a(lib_a-exit.o) (_exit)

Allocating common symbols
Common symbol       size              file

xQueueRegistry      0x50              build/queue.o

Discarded input sections

 .text          0x0000000000000000        0x0 c:/software/embeddedgcc/arm_gcc/bin/../lib/gcc/arm-none-eabi/8.2.1/thumb/v7-m/nofp/crti.o
 .data          0x0000000000000000        0x0 c:/software/embeddedgcc/arm_gcc/bin/../lib/gcc/arm-none-eabi/8.2.1/thumb/v7-m/nofp/crti.o
 .bss           0x0000000000000000        0x0 c:/software/embeddedgcc/arm_gcc/bin/../lib/gcc/arm-none-eabi/8.2.1/thumb/v7-m/nofp/crti.o
 .text          0x0000000000000000        0x0 c:/software/embeddedgcc/arm_gcc/bin/../lib/gcc/arm-none-eabi/8.2.1/thumb/v7-m/nofp/crtbegin.o
 .data          0x0000000000000000        0x0 c:/software/embeddedgcc/arm_gcc/bin/../lib/gcc/arm-none-eabi/8.2.1/thumb/v7-m/nofp/crtbegin.o
 .bss           0x0000000000000000        0x0 c:/software/embeddedgcc/arm_gcc/bin/../lib/gcc/arm-none-eabi/8.2.1/thumb/v7-m/nofp/crtbegin.o
 .data.__dso_handle
                0x0000000000000000        0x4 c:/software/embeddedgcc/arm_gcc/bin/../lib/gcc/arm-none-eabi/8.2.1/thumb/v7-m/nofp/crtbegin.o
 .text          0x0000000000000000       0x74 c:/software/embeddedgcc/arm_gcc/bin/../lib/gcc/arm-none-eabi/8.2.1/../../../../arm-none-eabi/lib/thumb/v7-m/nofp/crt0.o
 .data          0x0000000000000000        0x0 c:/software/embeddedgcc/arm_gcc/bin/../lib/gcc/arm-none-eabi/8.2.1/../../../../arm-none-eabi/lib/thumb/v7-m/nofp/crt0.o
 .bss           0x0000000000000000        0x0 c:/software/embeddedgcc/arm_gcc/bin/../lib/gcc/arm-none-eabi/8.2.1/../../../../arm-none-eabi/lib/thumb/v7-m/nofp/crt0.o
 .ARM.extab     0x0000000000000000        0x0 c:/software/embeddedgcc/arm_gcc/bin/../lib/gcc/arm-none-eabi/8.2.1/../../../../arm-none-eabi/lib/thumb/v7-m/nofp/crt0.o
 .ARM.exidx     0x0000000000000000        0x8 c:/software/embeddedgcc/arm_gcc/bin/../lib/gcc/arm-none-eabi/8.2.1/../../../../arm-none-eabi/lib/thumb/v7-m/nofp/crt0.o
 .ARM.attributes
                0x0000000000000000       0x1b c:/software/embeddedgcc/arm_gcc/bin/../lib/gcc/arm-none-eabi/8.2.1/../../../../arm-none-eabi/lib/thumb/v7-m/nofp/crt0.o
 .text          0x0000000000000000        0x0 build/main.o
 .data          0x0000000000000000        0x0 build/main.o
 .bss           0x0000000000000000        0x0 build/main.o
 .text.vTaskLed1
                0x0000000000000000       0x2c build/main.o
 .text.vTaskLed2
                0x0000000000000000       0x2c build/main.o
 .text          0x0000000000000000        0x0 build/sysInit.o
 .data          0x0000000000000000        0x0 build/sysInit.o
 .bss           0x0000000000000000        0x0 build/sysInit.o
 .text.MCO_out  0x0000000000000000       0x38 build/sysInit.o
 .text          0x0000000000000000        0x0 build/uartLib.o
 .data          0x0000000000000000        0x0 build/uartLib.o
 .bss           0x0000000000000000        0x0 build/uartLib.o
 .text.USART3_Init
                0x0000000000000000       0x98 build/uartLib.o
 .text          0x0000000000000000        0x0 build/pwmLib.o
 .data          0x0000000000000000        0x0 build/pwmLib.o
 .bss           0x0000000000000000        0x0 build/pwmLib.o
 .text          0x0000000000000000        0x0 build/system_stm32f1xx.o
 .data          0x0000000000000000        0x0 build/system_stm32f1xx.o
 .bss           0x0000000000000000        0x0 build/system_stm32f1xx.o
 .text.SystemCoreClockUpdate
                0x0000000000000000       0xc8 build/system_stm32f1xx.o
 .data.SystemCoreClock
                0x0000000000000000        0x4 build/system_stm32f1xx.o
 .rodata.AHBPrescTable
                0x0000000000000000       0x10 build/system_stm32f1xx.o
 .rodata.APBPrescTable
                0x0000000000000000        0x8 build/system_stm32f1xx.o
 .text          0x0000000000000000        0x0 build/croutine.o
 .data          0x0000000000000000        0x0 build/croutine.o
 .bss           0x0000000000000000        0x0 build/croutine.o
 .debug_info    0x0000000000000000       0x72 build/croutine.o
 .debug_abbrev  0x0000000000000000       0x26 build/croutine.o
 .debug_aranges
                0x0000000000000000       0x18 build/croutine.o
 .debug_line    0x0000000000000000       0x1d build/croutine.o
 .debug_str     0x0000000000000000      0x175 build/croutine.o
 .comment       0x0000000000000000       0x69 build/croutine.o
 .ARM.attributes
                0x0000000000000000       0x33 build/croutine.o
 .text          0x0000000000000000        0x0 build/event_groups.o
 .data          0x0000000000000000        0x0 build/event_groups.o
 .bss           0x0000000000000000        0x0 build/event_groups.o
 .text.prvTestWaitCondition
                0x0000000000000000       0x1c build/event_groups.o
 .text.xEventGroupCreate
                0x0000000000000000       0x1a build/event_groups.o
 .text.xEventGroupWaitBits
                0x0000000000000000       0xb4 build/event_groups.o
 .text.xEventGroupClearBits
                0x0000000000000000       0x1a build/event_groups.o
 .text.xEventGroupGetBitsFromISR
                0x0000000000000000       0x1c build/event_groups.o
 .text.xEventGroupSetBits
                0x0000000000000000       0x62 build/event_groups.o
 .text.xEventGroupSync
                0x0000000000000000       0x90 build/event_groups.o
 .text.vEventGroupDelete
                0x0000000000000000       0x24 build/event_groups.o
 .text.vEventGroupSetBitsCallback
                0x0000000000000000        0x8 build/event_groups.o
 .text.vEventGroupClearBitsCallback
                0x0000000000000000        0x8 build/event_groups.o
 .debug_info    0x0000000000000000     0x1424 build/event_groups.o
 .debug_abbrev  0x0000000000000000      0x39c build/event_groups.o
 .debug_loc     0x0000000000000000      0x95e build/event_groups.o
 .debug_aranges
                0x0000000000000000       0x68 build/event_groups.o
 .debug_ranges  0x0000000000000000       0x78 build/event_groups.o
 .debug_line    0x0000000000000000      0x64b build/event_groups.o
 .debug_str     0x0000000000000000      0x9dc build/event_groups.o
 .comment       0x0000000000000000       0x69 build/event_groups.o
 .debug_frame   0x0000000000000000      0x13c build/event_groups.o
 .ARM.attributes
                0x0000000000000000       0x2d build/event_groups.o
 .text          0x0000000000000000        0x0 build/heap_1.o
 .data          0x0000000000000000        0x0 build/heap_1.o
 .bss           0x0000000000000000        0x0 build/heap_1.o
 .text.vPortInitialiseBlocks
                0x0000000000000000        0xc build/heap_1.o
 .text.xPortGetFreeHeapSize
                0x0000000000000000       0x10 build/heap_1.o
 .text          0x0000000000000000        0x0 build/list.o
 .data          0x0000000000000000        0x0 build/list.o
 .bss           0x0000000000000000        0x0 build/list.o
 .text          0x0000000000000000        0x0 build/port.o
 .data          0x0000000000000000        0x0 build/port.o
 .bss           0x0000000000000000        0x0 build/port.o
 .text.vPortEndScheduler
                0x0000000000000000        0x2 build/port.o
 .text          0x0000000000000000        0x0 build/queue.o
 .data          0x0000000000000000        0x0 build/queue.o
 .bss           0x0000000000000000        0x0 build/queue.o
 .text.prvGetDisinheritPriorityAfterTimeout
                0x0000000000000000       0x12 build/queue.o
 .text.xQueueCreateCountingSemaphore
                0x0000000000000000       0x16 build/queue.o
 .text.prvInitialiseMutex
                0x0000000000000000       0x18 build/queue.o
 .text.xQueueCreateMutex
                0x0000000000000000       0x16 build/queue.o
 .text.xQueueGiveMutexRecursive
                0x0000000000000000       0x2c build/queue.o
 .text.xQueueGiveFromISR
                0x0000000000000000       0x64 build/queue.o
 .text.xQueueSemaphoreTake
                0x0000000000000000      0x144 build/queue.o
 .text.xQueueTakeMutexRecursive
                0x0000000000000000       0x30 build/queue.o
 .text.xQueuePeek
                0x0000000000000000      0x10c build/queue.o
 .text.xQueueReceiveFromISR
                0x0000000000000000       0x72 build/queue.o
 .text.xQueuePeekFromISR
                0x0000000000000000       0x30 build/queue.o
 .text.uxQueueMessagesWaiting
                0x0000000000000000       0x12 build/queue.o
 .text.uxQueueSpacesAvailable
                0x0000000000000000       0x16 build/queue.o
 .text.uxQueueMessagesWaitingFromISR
                0x0000000000000000        0x4 build/queue.o
 .text.xQueueIsQueueEmptyFromISR
                0x0000000000000000        0xc build/queue.o
 .text.xQueueIsQueueFullFromISR
                0x0000000000000000       0x10 build/queue.o
 .text.pcQueueGetName
                0x0000000000000000       0x28 build/queue.o
 .text.vQueueUnregisterQueue
                0x0000000000000000       0x2c build/queue.o
 .text.vQueueDelete
                0x0000000000000000       0x10 build/queue.o
 .text          0x0000000000000000        0x0 build/stream_buffer.o
 .data          0x0000000000000000        0x0 build/stream_buffer.o
 .bss           0x0000000000000000        0x0 build/stream_buffer.o
 .text.prvBytesInBuffer
                0x0000000000000000       0x12 build/stream_buffer.o
 .text.prvInitialiseNewStreamBuffer
                0x0000000000000000       0x20 build/stream_buffer.o
 .text.prvWriteBytesToBuffer
                0x0000000000000000       0x44 build/stream_buffer.o
 .text.prvWriteMessageToBuffer
                0x0000000000000000       0x44 build/stream_buffer.o
 .text.prvReadBytesFromBuffer
                0x0000000000000000       0x50 build/stream_buffer.o
 .text.prvReadMessageFromBuffer
                0x0000000000000000       0x44 build/stream_buffer.o
 .text.xStreamBufferGenericCreate
                0x0000000000000000       0x34 build/stream_buffer.o
 .text.vStreamBufferDelete
                0x0000000000000000       0x1a build/stream_buffer.o
 .text.xStreamBufferReset
                0x0000000000000000       0x36 build/stream_buffer.o
 .text.xStreamBufferSetTriggerLevel
                0x0000000000000000       0x16 build/stream_buffer.o
 .text.xStreamBufferSpacesAvailable
                0x0000000000000000       0x14 build/stream_buffer.o
 .text.xStreamBufferBytesAvailable
                0x0000000000000000        0x8 build/stream_buffer.o
 .text.xStreamBufferSend
                0x0000000000000000       0xb6 build/stream_buffer.o
 .text.xStreamBufferSendFromISR
                0x0000000000000000       0x7a build/stream_buffer.o
 .text.xStreamBufferReceive
                0x0000000000000000       0xa6 build/stream_buffer.o
 .text.xStreamBufferNextMessageLengthBytes
                0x0000000000000000       0x36 build/stream_buffer.o
 .text.xStreamBufferReceiveFromISR
                0x0000000000000000       0x76 build/stream_buffer.o
 .text.xStreamBufferIsEmpty
                0x0000000000000000       0x10 build/stream_buffer.o
 .text.xStreamBufferIsFull
                0x0000000000000000       0x20 build/stream_buffer.o
 .text.xStreamBufferSendCompletedFromISR
                0x0000000000000000       0x3e build/stream_buffer.o
 .text.xStreamBufferReceiveCompletedFromISR
                0x0000000000000000       0x3e build/stream_buffer.o
 .debug_info    0x0000000000000000     0x1f2b build/stream_buffer.o
 .debug_abbrev  0x0000000000000000      0x3ef build/stream_buffer.o
 .debug_loc     0x0000000000000000     0x1a14 build/stream_buffer.o
 .debug_aranges
                0x0000000000000000       0xc0 build/stream_buffer.o
 .debug_ranges  0x0000000000000000       0xb0 build/stream_buffer.o
 .debug_line    0x0000000000000000      0xb4b build/stream_buffer.o
 .debug_str     0x0000000000000000      0xc28 build/stream_buffer.o
 .comment       0x0000000000000000       0x69 build/stream_buffer.o
 .debug_frame   0x0000000000000000      0x304 build/stream_buffer.o
 .ARM.attributes
                0x0000000000000000       0x2d build/stream_buffer.o
 .text          0x0000000000000000        0x0 build/tasks.o
 .data          0x0000000000000000        0x0 build/tasks.o
 .bss           0x0000000000000000        0x0 build/tasks.o
 .text.prvTaskIsTaskSuspended
                0x0000000000000000       0x2c build/tasks.o
 .text.uxTaskPriorityGet
                0x0000000000000000       0x20 build/tasks.o
 .text.uxTaskPriorityGetFromISR
                0x0000000000000000       0x28 build/tasks.o
 .text.vTaskPrioritySet
                0x0000000000000000       0xc4 build/tasks.o
 .text.vTaskResume
                0x0000000000000000       0x74 build/tasks.o
 .text.xTaskResumeFromISR
                0x0000000000000000       0x8c build/tasks.o
 .text.vTaskEndScheduler
                0x0000000000000000       0x24 build/tasks.o
 .text.xTaskGetTickCountFromISR
                0x0000000000000000        0xc build/tasks.o
 .text.uxTaskGetNumberOfTasks
                0x0000000000000000        0xc build/tasks.o
 .text.pcTaskGetName
                0x0000000000000000       0x14 build/tasks.o
 .text.vTaskDelayUntil
                0x0000000000000000       0x60 build/tasks.o
 .text.xTaskCatchUpTicks
                0x0000000000000000       0x1c build/tasks.o
 .text.vTaskSuspend
                0x0000000000000000       0xa8 build/tasks.o
 .text.vTaskPlaceOnUnorderedEventList
                0x0000000000000000       0x24 build/tasks.o
 .text.vTaskRemoveFromUnorderedEventList
                0x0000000000000000       0x58 build/tasks.o
 .text.vTaskSetTimeOutState
                0x0000000000000000       0x24 build/tasks.o
 .text.xTaskGetCurrentTaskHandle
                0x0000000000000000        0xc build/tasks.o
 .text.xTaskPriorityInherit
                0x0000000000000000       0x98 build/tasks.o
 .text.vTaskPriorityDisinheritAfterTimeout
                0x0000000000000000       0x6c build/tasks.o
 .text.uxTaskResetEventItemValue
                0x0000000000000000       0x18 build/tasks.o
 .text.pvTaskIncrementMutexHeldCount
                0x0000000000000000       0x1c build/tasks.o
 .text.ulTaskNotifyTake
                0x0000000000000000       0x78 build/tasks.o
 .text.xTaskNotifyWait
                0x0000000000000000       0x98 build/tasks.o
 .text.xTaskGenericNotify
                0x0000000000000000       0xb8 build/tasks.o
 .text.xTaskGenericNotifyFromISR
                0x0000000000000000       0xdc build/tasks.o
 .text.vTaskNotifyGiveFromISR
                0x0000000000000000       0xa0 build/tasks.o
 .text.xTaskNotifyStateClear
                0x0000000000000000       0x34 build/tasks.o
 .text.ulTaskNotifyValueClear
                0x0000000000000000       0x2c build/tasks.o
 .text          0x0000000000000000        0x0 build/timers.o
 .data          0x0000000000000000        0x0 build/timers.o
 .bss           0x0000000000000000        0x0 build/timers.o
 .text.prvInitialiseNewTimer
                0x0000000000000000       0x38 build/timers.o
 .text.xTimerCreate
                0x0000000000000000       0x38 build/timers.o
 .text.xTimerGetTimerDaemonTaskHandle
                0x0000000000000000        0xc build/timers.o
 .text.xTimerGetPeriod
                0x0000000000000000        0x4 build/timers.o
 .text.vTimerSetReloadMode
                0x0000000000000000       0x2c build/timers.o
 .text.uxTimerGetReloadMode
                0x0000000000000000       0x20 build/timers.o
 .text.xTimerGetExpiryTime
                0x0000000000000000        0x4 build/timers.o
 .text.pcTimerGetName
                0x0000000000000000        0x4 build/timers.o
 .text.xTimerIsTimerActive
                0x0000000000000000       0x20 build/timers.o
 .text.pvTimerGetTimerID
                0x0000000000000000       0x12 build/timers.o
 .text.vTimerSetTimerID
                0x0000000000000000       0x12 build/timers.o
 .text.xTimerPendFunctionCallFromISR
                0x0000000000000000       0x28 build/timers.o
 .text.xTimerPendFunctionCall
                0x0000000000000000       0x28 build/timers.o
 .text          0x0000000000000000       0x14 build/startup_stm32f105xc.o
 .data          0x0000000000000000        0x0 build/startup_stm32f105xc.o
 .bss           0x0000000000000000        0x0 build/startup_stm32f105xc.o
 .text          0x0000000000000000        0x0 c:/software/embeddedgcc/arm_gcc/bin/../lib/gcc/arm-none-eabi/8.2.1/../../../../arm-none-eabi/lib/thumb/v7-m/nofp\libc_nano.a(lib_a-exit.o)
 .data          0x0000000000000000        0x0 c:/software/embeddedgcc/arm_gcc/bin/../lib/gcc/arm-none-eabi/8.2.1/../../../../arm-none-eabi/lib/thumb/v7-m/nofp\libc_nano.a(lib_a-exit.o)
 .bss           0x0000000000000000        0x0 c:/software/embeddedgcc/arm_gcc/bin/../lib/gcc/arm-none-eabi/8.2.1/../../../../arm-none-eabi/lib/thumb/v7-m/nofp\libc_nano.a(lib_a-exit.o)
 .text.exit     0x0000000000000000       0x28 c:/software/embeddedgcc/arm_gcc/bin/../lib/gcc/arm-none-eabi/8.2.1/../../../../arm-none-eabi/lib/thumb/v7-m/nofp\libc_nano.a(lib_a-exit.o)
 .debug_frame   0x0000000000000000       0x28 c:/software/embeddedgcc/arm_gcc/bin/../lib/gcc/arm-none-eabi/8.2.1/../../../../arm-none-eabi/lib/thumb/v7-m/nofp\libc_nano.a(lib_a-exit.o)
 .ARM.attributes
                0x0000000000000000       0x2d c:/software/embeddedgcc/arm_gcc/bin/../lib/gcc/arm-none-eabi/8.2.1/../../../../arm-none-eabi/lib/thumb/v7-m/nofp\libc_nano.a(lib_a-exit.o)
 .text          0x0000000000000000        0x0 c:/software/embeddedgcc/arm_gcc/bin/../lib/gcc/arm-none-eabi/8.2.1/../../../../arm-none-eabi/lib/thumb/v7-m/nofp\libc_nano.a(lib_a-impure.o)
 .data          0x0000000000000000        0x0 c:/software/embeddedgcc/arm_gcc/bin/../lib/gcc/arm-none-eabi/8.2.1/../../../../arm-none-eabi/lib/thumb/v7-m/nofp\libc_nano.a(lib_a-impure.o)
 .bss           0x0000000000000000        0x0 c:/software/embeddedgcc/arm_gcc/bin/../lib/gcc/arm-none-eabi/8.2.1/../../../../arm-none-eabi/lib/thumb/v7-m/nofp\libc_nano.a(lib_a-impure.o)
 .data._impure_ptr
                0x0000000000000000        0x4 c:/software/embeddedgcc/arm_gcc/bin/../lib/gcc/arm-none-eabi/8.2.1/../../../../arm-none-eabi/lib/thumb/v7-m/nofp\libc_nano.a(lib_a-impure.o)
 .data.impure_data
                0x0000000000000000       0x60 c:/software/embeddedgcc/arm_gcc/bin/../lib/gcc/arm-none-eabi/8.2.1/../../../../arm-none-eabi/lib/thumb/v7-m/nofp\libc_nano.a(lib_a-impure.o)
 .rodata._global_impure_ptr
                0x0000000000000000        0x4 c:/software/embeddedgcc/arm_gcc/bin/../lib/gcc/arm-none-eabi/8.2.1/../../../../arm-none-eabi/lib/thumb/v7-m/nofp\libc_nano.a(lib_a-impure.o)
 .ARM.attributes
                0x0000000000000000       0x2d c:/software/embeddedgcc/arm_gcc/bin/../lib/gcc/arm-none-eabi/8.2.1/../../../../arm-none-eabi/lib/thumb/v7-m/nofp\libc_nano.a(lib_a-impure.o)
 .text          0x0000000000000000        0x0 c:/software/embeddedgcc/arm_gcc/bin/../lib/gcc/arm-none-eabi/8.2.1/../../../../arm-none-eabi/lib/thumb/v7-m/nofp\libc_nano.a(lib_a-init.o)
 .data          0x0000000000000000        0x0 c:/software/embeddedgcc/arm_gcc/bin/../lib/gcc/arm-none-eabi/8.2.1/../../../../arm-none-eabi/lib/thumb/v7-m/nofp\libc_nano.a(lib_a-init.o)
 .bss           0x0000000000000000        0x0 c:/software/embeddedgcc/arm_gcc/bin/../lib/gcc/arm-none-eabi/8.2.1/../../../../arm-none-eabi/lib/thumb/v7-m/nofp\libc_nano.a(lib_a-init.o)
 .text.__libc_init_array
                0x0000000000000000       0x48 c:/software/embeddedgcc/arm_gcc/bin/../lib/gcc/arm-none-eabi/8.2.1/../../../../arm-none-eabi/lib/thumb/v7-m/nofp\libc_nano.a(lib_a-init.o)
 .debug_frame   0x0000000000000000       0x2c c:/software/embeddedgcc/arm_gcc/bin/../lib/gcc/arm-none-eabi/8.2.1/../../../../arm-none-eabi/lib/thumb/v7-m/nofp\libc_nano.a(lib_a-init.o)
 .ARM.attributes
                0x0000000000000000       0x2d c:/software/embeddedgcc/arm_gcc/bin/../lib/gcc/arm-none-eabi/8.2.1/../../../../arm-none-eabi/lib/thumb/v7-m/nofp\libc_nano.a(lib_a-init.o)
 .text          0x0000000000000000        0x0 c:/software/embeddedgcc/arm_gcc/bin/../lib/gcc/arm-none-eabi/8.2.1/../../../../arm-none-eabi/lib/thumb/v7-m/nofp\libc_nano.a(lib_a-memcpy-stub.o)
 .data          0x0000000000000000        0x0 c:/software/embeddedgcc/arm_gcc/bin/../lib/gcc/arm-none-eabi/8.2.1/../../../../arm-none-eabi/lib/thumb/v7-m/nofp\libc_nano.a(lib_a-memcpy-stub.o)
 .bss           0x0000000000000000        0x0 c:/software/embeddedgcc/arm_gcc/bin/../lib/gcc/arm-none-eabi/8.2.1/../../../../arm-none-eabi/lib/thumb/v7-m/nofp\libc_nano.a(lib_a-memcpy-stub.o)
 .text          0x0000000000000000        0x0 c:/software/embeddedgcc/arm_gcc/bin/../lib/gcc/arm-none-eabi/8.2.1/../../../../arm-none-eabi/lib/thumb/v7-m/nofp\libc_nano.a(lib_a-memset.o)
 .data          0x0000000000000000        0x0 c:/software/embeddedgcc/arm_gcc/bin/../lib/gcc/arm-none-eabi/8.2.1/../../../../arm-none-eabi/lib/thumb/v7-m/nofp\libc_nano.a(lib_a-memset.o)
 .bss           0x0000000000000000        0x0 c:/software/embeddedgcc/arm_gcc/bin/../lib/gcc/arm-none-eabi/8.2.1/../../../../arm-none-eabi/lib/thumb/v7-m/nofp\libc_nano.a(lib_a-memset.o)
 .text.memset   0x0000000000000000       0x10 c:/software/embeddedgcc/arm_gcc/bin/../lib/gcc/arm-none-eabi/8.2.1/../../../../arm-none-eabi/lib/thumb/v7-m/nofp\libc_nano.a(lib_a-memset.o)
 .debug_frame   0x0000000000000000       0x20 c:/software/embeddedgcc/arm_gcc/bin/../lib/gcc/arm-none-eabi/8.2.1/../../../../arm-none-eabi/lib/thumb/v7-m/nofp\libc_nano.a(lib_a-memset.o)
 .ARM.attributes
                0x0000000000000000       0x2d c:/software/embeddedgcc/arm_gcc/bin/../lib/gcc/arm-none-eabi/8.2.1/../../../../arm-none-eabi/lib/thumb/v7-m/nofp\libc_nano.a(lib_a-memset.o)
 .text          0x0000000000000000        0x0 c:/software/embeddedgcc/arm_gcc/bin/../lib/gcc/arm-none-eabi/8.2.1/../../../../arm-none-eabi/lib/thumb/v7-m/nofp\libnosys.a(_exit.o)
 .data          0x0000000000000000        0x0 c:/software/embeddedgcc/arm_gcc/bin/../lib/gcc/arm-none-eabi/8.2.1/../../../../arm-none-eabi/lib/thumb/v7-m/nofp\libnosys.a(_exit.o)
 .bss           0x0000000000000000        0x0 c:/software/embeddedgcc/arm_gcc/bin/../lib/gcc/arm-none-eabi/8.2.1/../../../../arm-none-eabi/lib/thumb/v7-m/nofp\libnosys.a(_exit.o)
 .text._exit    0x0000000000000000        0x4 c:/software/embeddedgcc/arm_gcc/bin/../lib/gcc/arm-none-eabi/8.2.1/../../../../arm-none-eabi/lib/thumb/v7-m/nofp\libnosys.a(_exit.o)
 .debug_frame   0x0000000000000000       0x20 c:/software/embeddedgcc/arm_gcc/bin/../lib/gcc/arm-none-eabi/8.2.1/../../../../arm-none-eabi/lib/thumb/v7-m/nofp\libnosys.a(_exit.o)
 .ARM.attributes
                0x0000000000000000       0x2d c:/software/embeddedgcc/arm_gcc/bin/../lib/gcc/arm-none-eabi/8.2.1/../../../../arm-none-eabi/lib/thumb/v7-m/nofp\libnosys.a(_exit.o)
 .text          0x0000000000000000        0x0 c:/software/embeddedgcc/arm_gcc/bin/../lib/gcc/arm-none-eabi/8.2.1/thumb/v7-m/nofp/crtend.o
 .data          0x0000000000000000        0x0 c:/software/embeddedgcc/arm_gcc/bin/../lib/gcc/arm-none-eabi/8.2.1/thumb/v7-m/nofp/crtend.o
 .bss           0x0000000000000000        0x0 c:/software/embeddedgcc/arm_gcc/bin/../lib/gcc/arm-none-eabi/8.2.1/thumb/v7-m/nofp/crtend.o
 .eh_frame      0x0000000000000000        0x4 c:/software/embeddedgcc/arm_gcc/bin/../lib/gcc/arm-none-eabi/8.2.1/thumb/v7-m/nofp/crtend.o
 .text          0x0000000000000000        0x0 c:/software/embeddedgcc/arm_gcc/bin/../lib/gcc/arm-none-eabi/8.2.1/thumb/v7-m/nofp/crtn.o
 .data          0x0000000000000000        0x0 c:/software/embeddedgcc/arm_gcc/bin/../lib/gcc/arm-none-eabi/8.2.1/thumb/v7-m/nofp/crtn.o
 .bss           0x0000000000000000        0x0 c:/software/embeddedgcc/arm_gcc/bin/../lib/gcc/arm-none-eabi/8.2.1/thumb/v7-m/nofp/crtn.o

Memory Configuration

Name             Origin             Length             Attributes
RAM              0x0000000020000000 0x0000000000010000 xrw
FLASH            0x0000000008000000 0x0000000000010000 xr
*default*        0x0000000000000000 0xffffffffffffffff

Linker script and memory map

LOAD c:/software/embeddedgcc/arm_gcc/bin/../lib/gcc/arm-none-eabi/8.2.1/thumb/v7-m/nofp/crti.o
LOAD c:/software/embeddedgcc/arm_gcc/bin/../lib/gcc/arm-none-eabi/8.2.1/thumb/v7-m/nofp/crtbegin.o
LOAD c:/software/embeddedgcc/arm_gcc/bin/../lib/gcc/arm-none-eabi/8.2.1/../../../../arm-none-eabi/lib/thumb/v7-m/nofp/crt0.o
LOAD build/main.o
LOAD build/sysInit.o
LOAD build/uartLib.o
LOAD build/pwmLib.o
LOAD build/system_stm32f1xx.o
LOAD build/croutine.o
LOAD build/event_groups.o
LOAD build/heap_1.o
LOAD build/list.o
LOAD build/port.o
LOAD build/queue.o
LOAD build/stream_buffer.o
LOAD build/tasks.o
LOAD build/timers.o
LOAD build/startup_stm32f105xc.o
LOAD c:/software/embeddedgcc/arm_gcc/bin/../lib/gcc/arm-none-eabi/8.2.1/../../../../arm-none-eabi/lib/thumb/v7-m/nofp\libc_nano.a
LOAD c:/software/embeddedgcc/arm_gcc/bin/../lib/gcc/arm-none-eabi/8.2.1/../../../../arm-none-eabi/lib/thumb/v7-m/nofp\libm.a
LOAD c:/software/embeddedgcc/arm_gcc/bin/../lib/gcc/arm-none-eabi/8.2.1/../../../../arm-none-eabi/lib/thumb/v7-m/nofp\libnosys.a
START GROUP
LOAD c:/software/embeddedgcc/arm_gcc/bin/../lib/gcc/arm-none-eabi/8.2.1/thumb/v7-m/nofp\libgcc.a
LOAD c:/software/embeddedgcc/arm_gcc/bin/../lib/gcc/arm-none-eabi/8.2.1/../../../../arm-none-eabi/lib/thumb/v7-m/nofp\libc_nano.a
END GROUP
START GROUP
LOAD c:/software/embeddedgcc/arm_gcc/bin/../lib/gcc/arm-none-eabi/8.2.1/thumb/v7-m/nofp\libgcc.a
LOAD c:/software/embeddedgcc/arm_gcc/bin/../lib/gcc/arm-none-eabi/8.2.1/../../../../arm-none-eabi/lib/thumb/v7-m/nofp\libc_nano.a
END GROUP
LOAD c:/software/embeddedgcc/arm_gcc/bin/../lib/gcc/arm-none-eabi/8.2.1/thumb/v7-m/nofp/crtend.o
LOAD c:/software/embeddedgcc/arm_gcc/bin/../lib/gcc/arm-none-eabi/8.2.1/thumb/v7-m/nofp/crtn.o
                0x0000000020010000                _estack = 0x20010000
                0x0000000000000200                _Min_Heap_Size = 0x200
                0x0000000000000400                _Min_Stack_Size = 0x400

.isr_vector     0x0000000008000000      0x1e4
                0x0000000008000000                . = ALIGN (0x4)
 *(.isr_vector)
 .isr_vector    0x0000000008000000      0x1e4 build/startup_stm32f105xc.o
                0x0000000008000000                g_pfnVectors
                0x00000000080001e4                . = ALIGN (0x4)

.text           0x00000000080001f0     0x1674
                0x00000000080001f0                . = ALIGN (0x4)
 *(.text)
 *(.text*)
 .text.deregister_tm_clones
                0x00000000080001f0       0x1c c:/software/embeddedgcc/arm_gcc/bin/../lib/gcc/arm-none-eabi/8.2.1/thumb/v7-m/nofp/crtbegin.o
 .text.register_tm_clones
                0x000000000800020c       0x24 c:/software/embeddedgcc/arm_gcc/bin/../lib/gcc/arm-none-eabi/8.2.1/thumb/v7-m/nofp/crtbegin.o
 .text.__do_global_dtors_aux
                0x0000000008000230       0x28 c:/software/embeddedgcc/arm_gcc/bin/../lib/gcc/arm-none-eabi/8.2.1/thumb/v7-m/nofp/crtbegin.o
 .text.frame_dummy
                0x0000000008000258       0x24 c:/software/embeddedgcc/arm_gcc/bin/../lib/gcc/arm-none-eabi/8.2.1/thumb/v7-m/nofp/crtbegin.o
 .text.vTaskButtonUser
                0x000000000800027c       0x38 build/main.o
                0x000000000800027c                vTaskButtonUser
 .text.main     0x00000000080002b4       0x30 build/main.o
                0x00000000080002b4                main
 .text.USART3_IRQHandler
                0x00000000080002e4       0x5c build/main.o
                0x00000000080002e4                USART3_IRQHandler
 .text.RCC_Init
                0x0000000008000340       0x84 build/sysInit.o
                0x0000000008000340                RCC_Init
 .text.GPIO_Init
                0x00000000080003c4       0x50 build/sysInit.o
                0x00000000080003c4                GPIO_Init
 .text.USART3_Send
                0x0000000008000414       0x14 build/uartLib.o
                0x0000000008000414                USART3_Send
 .text.USART3_Send_String
                0x0000000008000428       0x16 build/uartLib.o
                0x0000000008000428                USART3_Send_String
 *fill*         0x000000000800043e        0x2 
 .text.PWM_Init
                0x0000000008000440       0x80 build/pwmLib.o
                0x0000000008000440                PWM_Init
 .text.SystemInit
                0x00000000080004c0       0x58 build/system_stm32f1xx.o
                0x00000000080004c0                SystemInit
 .text.pvPortMalloc
                0x0000000008000518       0x60 build/heap_1.o
                0x0000000008000518                pvPortMalloc
 .text.vPortFree
                0x0000000008000578        0x2 build/heap_1.o
                0x0000000008000578                vPortFree
 .text.vListInitialise
                0x000000000800057a       0x16 build/list.o
                0x000000000800057a                vListInitialise
 .text.vListInitialiseItem
                0x0000000008000590        0x6 build/list.o
                0x0000000008000590                vListInitialiseItem
 .text.vListInsertEnd
                0x0000000008000596       0x16 build/list.o
                0x0000000008000596                vListInsertEnd
 .text.vListInsert
                0x00000000080005ac       0x34 build/list.o
                0x00000000080005ac                vListInsert
 .text.uxListRemove
                0x00000000080005e0       0x26 build/list.o
                0x00000000080005e0                uxListRemove
 .text.prvTaskExitError
                0x0000000008000606       0x20 build/port.o
 *fill*         0x0000000008000626        0x2 
 .text.prvPortStartFirstTask
                0x0000000008000628       0x20 build/port.o
 .text.pxPortInitialiseStack
                0x0000000008000648       0x24 build/port.o
                0x0000000008000648                pxPortInitialiseStack
 *fill*         0x000000000800066c        0x4 
 .text.SVC_Handler
                0x0000000008000670       0x24 build/port.o
                0x0000000008000670                SVC_Handler
 .text.vPortEnterCritical
                0x0000000008000694       0x20 build/port.o
                0x0000000008000694                vPortEnterCritical
 .text.vPortExitCritical
                0x00000000080006b4       0x14 build/port.o
                0x00000000080006b4                vPortExitCritical
 *fill*         0x00000000080006c8        0x8 
 .text.PendSV_Handler
                0x00000000080006d0       0x44 build/port.o
                0x00000000080006d0                PendSV_Handler
 .text.SysTick_Handler
                0x0000000008000714       0x2c build/port.o
                0x0000000008000714                SysTick_Handler
 .text.vPortSetupTimerInterrupt
                0x0000000008000740       0x24 build/port.o
                0x0000000008000740                vPortSetupTimerInterrupt
 .text.xPortStartScheduler
                0x0000000008000764       0x38 build/port.o
                0x0000000008000764                xPortStartScheduler
 .text.prvIsQueueFull
                0x000000000800079c       0x1e build/queue.o
 .text.prvIsQueueEmpty
                0x00000000080007ba       0x1a build/queue.o
 .text.prvCopyDataToQueue
                0x00000000080007d4       0x76 build/queue.o
 .text.prvCopyDataFromQueue
                0x000000000800084a       0x24 build/queue.o
 .text.prvUnlockQueue
                0x000000000800086e       0x6e build/queue.o
 .text.xQueueGenericReset
                0x00000000080008dc       0x70 build/queue.o
                0x00000000080008dc                xQueueGenericReset
 .text.prvInitialiseNewQueue
                0x000000000800094c       0x1c build/queue.o
 .text.xQueueGenericCreate
                0x0000000008000968       0x2e build/queue.o
                0x0000000008000968                xQueueGenericCreate
 *fill*         0x0000000008000996        0x2 
 .text.xQueueGenericSend
                0x0000000008000998      0x118 build/queue.o
                0x0000000008000998                xQueueGenericSend
 .text.xQueueGenericSendFromISR
                0x0000000008000ab0       0x70 build/queue.o
                0x0000000008000ab0                xQueueGenericSendFromISR
 .text.xQueueReceive
                0x0000000008000b20      0x10c build/queue.o
                0x0000000008000b20                xQueueReceive
 .text.vQueueAddToRegistry
                0x0000000008000c2c       0x28 build/queue.o
                0x0000000008000c2c                vQueueAddToRegistry
 .text.vQueueWaitForMessageRestricted
                0x0000000008000c54       0x52 build/queue.o
                0x0000000008000c54                vQueueWaitForMessageRestricted
 *fill*         0x0000000008000ca6        0x2 
 .text.prvIdleTask
                0x0000000008000ca8       0x24 build/tasks.o
 .text.prvResetNextTaskUnblockTime
                0x0000000008000ccc       0x2c build/tasks.o
 .text.prvInitialiseNewTask
                0x0000000008000cf8       0x8a build/tasks.o
 *fill*         0x0000000008000d82        0x2 
 .text.prvInitialiseTaskLists
                0x0000000008000d84       0x5c build/tasks.o
 .text.prvAddNewTaskToReadyList
                0x0000000008000de0       0xa8 build/tasks.o
 .text.prvAddCurrentTaskToDelayedList
                0x0000000008000e88       0x7c build/tasks.o
 .text.xTaskCreate
                0x0000000008000f04       0x62 build/tasks.o
                0x0000000008000f04                xTaskCreate
 *fill*         0x0000000008000f66        0x2 
 .text.vTaskStartScheduler
                0x0000000008000f68       0x6c build/tasks.o
                0x0000000008000f68                vTaskStartScheduler
 .text.vTaskSuspendAll
                0x0000000008000fd4       0x10 build/tasks.o
                0x0000000008000fd4                vTaskSuspendAll
 .text.xTaskGetTickCount
                0x0000000008000fe4        0xc build/tasks.o
                0x0000000008000fe4                xTaskGetTickCount
 .text.xTaskIncrementTick
                0x0000000008000ff0       0xec build/tasks.o
                0x0000000008000ff0                xTaskIncrementTick
 .text.xTaskResumeAll
                0x00000000080010dc       0xe4 build/tasks.o
                0x00000000080010dc                xTaskResumeAll
 .text.vTaskDelay
                0x00000000080011c0       0x34 build/tasks.o
                0x00000000080011c0                vTaskDelay
 .text.vTaskSwitchContext
                0x00000000080011f4       0x88 build/tasks.o
                0x00000000080011f4                vTaskSwitchContext
 .text.vTaskPlaceOnEventList
                0x000000000800127c       0x1c build/tasks.o
                0x000000000800127c                vTaskPlaceOnEventList
 .text.vTaskPlaceOnEventListRestricted
                0x0000000008001298       0x24 build/tasks.o
                0x0000000008001298                vTaskPlaceOnEventListRestricted
 .text.xTaskRemoveFromEventList
                0x00000000080012bc       0x78 build/tasks.o
                0x00000000080012bc                xTaskRemoveFromEventList
 .text.vTaskInternalSetTimeOutState
                0x0000000008001334       0x18 build/tasks.o
                0x0000000008001334                vTaskInternalSetTimeOutState
 .text.xTaskCheckForTimeOut
                0x000000000800134c       0x5c build/tasks.o
                0x000000000800134c                xTaskCheckForTimeOut
 .text.vTaskMissedYield
                0x00000000080013a8        0xc build/tasks.o
                0x00000000080013a8                vTaskMissedYield
 .text.xTaskGetSchedulerState
                0x00000000080013b4       0x20 build/tasks.o
                0x00000000080013b4                xTaskGetSchedulerState
 .text.xTaskPriorityDisinherit
                0x00000000080013d4       0x5c build/tasks.o
                0x00000000080013d4                xTaskPriorityDisinherit
 .text.prvGetNextExpireTime
                0x0000000008001430       0x20 build/timers.o
 .text.prvInsertTimerInActiveList
                0x0000000008001450       0x48 build/timers.o
 .text.prvCheckForValidListAndQueue
                0x0000000008001498       0x5c build/timers.o
 .text.xTimerCreateTimerTask
                0x00000000080014f4       0x3c build/timers.o
                0x00000000080014f4                xTimerCreateTimerTask
 .text.xTimerGenericCommand
                0x0000000008001530       0x58 build/timers.o
                0x0000000008001530                xTimerGenericCommand
 .text.prvSwitchTimerLists
                0x0000000008001588       0x68 build/timers.o
 .text.prvSampleTimeNow
                0x00000000080015f0       0x2c build/timers.o
 .text.prvProcessExpiredTimer
                0x000000000800161c       0x58 build/timers.o
 .text.prvProcessTimerOrBlockTask
                0x0000000008001674       0x74 build/timers.o
 .text.prvProcessReceivedCommands
                0x00000000080016e8       0xe8 build/timers.o
 .text.prvTimerTask
                0x00000000080017d0       0x16 build/timers.o
 *fill*         0x00000000080017e6        0x2 
 .text.Reset_Handler
                0x00000000080017e8       0x44 build/startup_stm32f105xc.o
                0x00000000080017e8                Reset_Handler
 .text.Default_Handler
                0x000000000800182c        0x2 build/startup_stm32f105xc.o
                0x000000000800182c                RTC_Alarm_IRQHandler
                0x000000000800182c                EXTI2_IRQHandler
                0x000000000800182c                DebugMon_Handler
                0x000000000800182c                TIM1_CC_IRQHandler
                0x000000000800182c                HardFault_Handler
                0x000000000800182c                TIM6_IRQHandler
                0x000000000800182c                PVD_IRQHandler
                0x000000000800182c                NMI_Handler
                0x000000000800182c                CAN2_RX1_IRQHandler
                0x000000000800182c                EXTI3_IRQHandler
                0x000000000800182c                EXTI0_IRQHandler
                0x000000000800182c                I2C2_EV_IRQHandler
                0x000000000800182c                CAN1_RX0_IRQHandler
                0x000000000800182c                UsageFault_Handler
                0x000000000800182c                CAN2_SCE_IRQHandler
                0x000000000800182c                ADC1_2_IRQHandler
                0x000000000800182c                SPI1_IRQHandler
                0x000000000800182c                TAMPER_IRQHandler
                0x000000000800182c                CAN2_RX0_IRQHandler
                0x000000000800182c                DMA2_Channel2_IRQHandler
                0x000000000800182c                DMA1_Channel4_IRQHandler
                0x000000000800182c                RTC_IRQHandler
                0x000000000800182c                DMA1_Channel7_IRQHandler
                0x000000000800182c                CAN1_RX1_IRQHandler
                0x000000000800182c                UART5_IRQHandler
                0x000000000800182c                TIM4_IRQHandler
                0x000000000800182c                DMA2_Channel1_IRQHandler
                0x000000000800182c                I2C1_EV_IRQHandler
                0x000000000800182c                DMA1_Channel6_IRQHandler
                0x000000000800182c                UART4_IRQHandler
                0x000000000800182c                DMA2_Channel4_IRQHandler
                0x000000000800182c                TIM3_IRQHandler
                0x000000000800182c                RCC_IRQHandler
                0x000000000800182c                TIM1_TRG_COM_IRQHandler
                0x000000000800182c                DMA1_Channel1_IRQHandler
                0x000000000800182c                Default_Handler
                0x000000000800182c                EXTI15_10_IRQHandler
                0x000000000800182c                TIM7_IRQHandler
                0x000000000800182c                CAN2_TX_IRQHandler
                0x000000000800182c                TIM5_IRQHandler
                0x000000000800182c                EXTI9_5_IRQHandler
                0x000000000800182c                SPI2_IRQHandler
                0x000000000800182c                MemManage_Handler
                0x000000000800182c                CAN1_TX_IRQHandler
                0x000000000800182c                DMA2_Channel5_IRQHandler
                0x000000000800182c                DMA1_Channel5_IRQHandler
                0x000000000800182c                EXTI4_IRQHandler
                0x000000000800182c                DMA1_Channel3_IRQHandler
                0x000000000800182c                TIM1_UP_IRQHandler
                0x000000000800182c                WWDG_IRQHandler
                0x000000000800182c                TIM2_IRQHandler
                0x000000000800182c                OTG_FS_WKUP_IRQHandler
                0x000000000800182c                TIM1_BRK_IRQHandler
                0x000000000800182c                EXTI1_IRQHandler
                0x000000000800182c                USART2_IRQHandler
                0x000000000800182c                I2C2_ER_IRQHandler
                0x000000000800182c                DMA1_Channel2_IRQHandler
                0x000000000800182c                CAN1_SCE_IRQHandler
                0x000000000800182c                FLASH_IRQHandler
                0x000000000800182c                BusFault_Handler
                0x000000000800182c                USART1_IRQHandler
                0x000000000800182c                OTG_FS_IRQHandler
                0x000000000800182c                SPI3_IRQHandler
                0x000000000800182c                I2C1_ER_IRQHandler
                0x000000000800182c                DMA2_Channel3_IRQHandler
 .text.memcpy   0x000000000800182e       0x1c c:/software/embeddedgcc/arm_gcc/bin/../lib/gcc/arm-none-eabi/8.2.1/../../../../arm-none-eabi/lib/thumb/v7-m/nofp\libc_nano.a(lib_a-memcpy-stub.o)
                0x000000000800182e                memcpy
 *(.glue_7)
 .glue_7        0x000000000800184a        0x0 linker stubs
 *(.glue_7t)
 .glue_7t       0x000000000800184a        0x0 linker stubs
 *(.eh_frame)
 *fill*         0x000000000800184a        0x2 
 .eh_frame      0x000000000800184c        0x0 c:/software/embeddedgcc/arm_gcc/bin/../lib/gcc/arm-none-eabi/8.2.1/thumb/v7-m/nofp/crtbegin.o
 *(.init)
 .init          0x000000000800184c        0x4 c:/software/embeddedgcc/arm_gcc/bin/../lib/gcc/arm-none-eabi/8.2.1/thumb/v7-m/nofp/crti.o
                0x000000000800184c                _init
 .init          0x0000000008001850        0x8 c:/software/embeddedgcc/arm_gcc/bin/../lib/gcc/arm-none-eabi/8.2.1/thumb/v7-m/nofp/crtn.o
 *(.fini)
 .fini          0x0000000008001858        0x4 c:/software/embeddedgcc/arm_gcc/bin/../lib/gcc/arm-none-eabi/8.2.1/thumb/v7-m/nofp/crti.o
                0x0000000008001858                _fini
 .fini          0x000000000800185c        0x8 c:/software/embeddedgcc/arm_gcc/bin/../lib/gcc/arm-none-eabi/8.2.1/thumb/v7-m/nofp/crtn.o
                0x0000000008001864                . = ALIGN (0x4)
                0x0000000008001864                _etext = .

.vfp11_veneer   0x0000000008001864        0x0
 .vfp11_veneer  0x0000000008001864        0x0 linker stubs

.v4_bx          0x0000000008001864        0x0
 .v4_bx         0x0000000008001864        0x0 linker stubs

.iplt           0x0000000008001864        0x0
 .iplt          0x0000000008001864        0x0 c:/software/embeddedgcc/arm_gcc/bin/../lib/gcc/arm-none-eabi/8.2.1/thumb/v7-m/nofp/crtbegin.o

.rodata         0x0000000008001864       0x30
                0x0000000008001864                . = ALIGN (0x4)
 *(.rodata)
 *(.rodata*)
 .rodata.USART3_IRQHandler.str1.4
                0x0000000008001864        0xd build/main.o
 *fill*         0x0000000008001871        0x3 
 .rodata.main.str1.4
                0x0000000008001874        0x5 build/main.o
 *fill*         0x0000000008001879        0x3 
 .rodata.vTaskStartScheduler.str1.4
                0x000000000800187c        0x5 build/tasks.o
 *fill*         0x0000000008001881        0x3 
 .rodata.prvCheckForValidListAndQueue.str1.4
                0x0000000008001884        0x5 build/timers.o
 *fill*         0x0000000008001889        0x3 
 .rodata.xTimerCreateTimerTask.str1.4
                0x000000000800188c        0x8 build/timers.o
                0x0000000008001894                . = ALIGN (0x4)

.rel.dyn        0x0000000008001894        0x0
 .rel.iplt      0x0000000008001894        0x0 c:/software/embeddedgcc/arm_gcc/bin/../lib/gcc/arm-none-eabi/8.2.1/thumb/v7-m/nofp/crtbegin.o

.ARM.extab
 *(.ARM.extab* .gnu.linkonce.armextab.*)

.ARM            0x0000000008001894        0x0
                0x0000000008001894                __exidx_start = .
 *(.ARM.exidx*)
                0x0000000008001894                __exidx_end = .

.preinit_array  0x0000000008001894        0x0
                0x0000000008001894                PROVIDE (__preinit_array_start = .)
 *(.preinit_array*)
                0x0000000008001894                PROVIDE (__preinit_array_end = .)

.init_array     0x0000000008001894        0x4
                0x0000000008001894                PROVIDE (__init_array_start = .)
 *(SORT_BY_NAME(.init_array.*))
 *(.init_array*)
 .init_array    0x0000000008001894        0x4 c:/software/embeddedgcc/arm_gcc/bin/../lib/gcc/arm-none-eabi/8.2.1/thumb/v7-m/nofp/crtbegin.o
                0x0000000008001898                PROVIDE (__init_array_end = .)

.fini_array     0x0000000008001898        0x4
                [!provide]                        PROVIDE (__fini_array_start = .)
 *(SORT_BY_NAME(.fini_array.*))
 *(.fini_array*)
 .fini_array    0x0000000008001898        0x4 c:/software/embeddedgcc/arm_gcc/bin/../lib/gcc/arm-none-eabi/8.2.1/thumb/v7-m/nofp/crtbegin.o
                [!provide]                        PROVIDE (__fini_array_end = .)
                0x000000000800189c                _sidata = LOADADDR (.data)

.data           0x0000000020000000        0x4 load address 0x000000000800189c
                0x0000000020000000                . = ALIGN (0x4)
                0x0000000020000000                _sdata = .
 *(.data)
 *(.data*)
 .data.uxCriticalNesting
                0x0000000020000000        0x4 build/port.o
                0x0000000020000004                . = ALIGN (0x4)
                0x0000000020000004                _edata = .

.tm_clone_table
                0x0000000020000004        0x0 load address 0x00000000080018a0
 .tm_clone_table
                0x0000000020000004        0x0 c:/software/embeddedgcc/arm_gcc/bin/../lib/gcc/arm-none-eabi/8.2.1/thumb/v7-m/nofp/crtbegin.o
 .tm_clone_table
                0x0000000020000004        0x0 c:/software/embeddedgcc/arm_gcc/bin/../lib/gcc/arm-none-eabi/8.2.1/thumb/v7-m/nofp/crtend.o

.igot.plt       0x0000000020000004        0x0 load address 0x00000000080018a0
 .igot.plt      0x0000000020000004        0x0 c:/software/embeddedgcc/arm_gcc/bin/../lib/gcc/arm-none-eabi/8.2.1/thumb/v7-m/nofp/crtbegin.o
                0x0000000020000004                . = ALIGN (0x4)

.bss            0x0000000020000004     0x459c load address 0x00000000080018a0
                0x0000000020000004                _sbss = .
                0x0000000020000004                __bss_start__ = _sbss
 *(.bss)
 *(.bss*)
 .bss.completed.6707
                0x0000000020000004        0x1 c:/software/embeddedgcc/arm_gcc/bin/../lib/gcc/arm-none-eabi/8.2.1/thumb/v7-m/nofp/crtbegin.o
 *fill*         0x0000000020000005        0x3 
 .bss.object.6712
                0x0000000020000008       0x18 c:/software/embeddedgcc/arm_gcc/bin/../lib/gcc/arm-none-eabi/8.2.1/thumb/v7-m/nofp/crtbegin.o
 .bss.pucAlignedHeap.5220
                0x0000000020000020        0x4 build/heap_1.o
 .bss.ucHeap    0x0000000020000024     0x4400 build/heap_1.o
 .bss.xNextFreeByte
                0x0000000020004424        0x4 build/heap_1.o
 .bss.pxCurrentTCB
                0x0000000020004428        0x4 build/tasks.o
                0x0000000020004428                pxCurrentTCB
 .bss.pxDelayedTaskList
                0x000000002000442c        0x4 build/tasks.o
 .bss.pxOverflowDelayedTaskList
                0x0000000020004430        0x4 build/tasks.o
 .bss.pxReadyTasksLists
                0x0000000020004434       0x64 build/tasks.o
 .bss.uxCurrentNumberOfTasks
                0x0000000020004498        0x4 build/tasks.o
 .bss.uxSchedulerSuspended
                0x000000002000449c        0x4 build/tasks.o
 .bss.uxTaskNumber
                0x00000000200044a0        0x4 build/tasks.o
 .bss.uxTopReadyPriority
                0x00000000200044a4        0x4 build/tasks.o
 .bss.xDelayedTaskList1
                0x00000000200044a8       0x14 build/tasks.o
 .bss.xDelayedTaskList2
                0x00000000200044bc       0x14 build/tasks.o
 .bss.xIdleTaskHandle
                0x00000000200044d0        0x4 build/tasks.o
 .bss.xNextTaskUnblockTime
                0x00000000200044d4        0x4 build/tasks.o
 .bss.xNumOfOverflows
                0x00000000200044d8        0x4 build/tasks.o
 .bss.xPendedTicks
                0x00000000200044dc        0x4 build/tasks.o
 .bss.xPendingReadyList
                0x00000000200044e0       0x14 build/tasks.o
 .bss.xSchedulerRunning
                0x00000000200044f4        0x4 build/tasks.o
 .bss.xSuspendedTaskList
                0x00000000200044f8       0x14 build/tasks.o
 .bss.xTickCount
                0x000000002000450c        0x4 build/tasks.o
 .bss.xYieldPending
                0x0000000020004510        0x4 build/tasks.o
 .bss.pxCurrentTimerList
                0x0000000020004514        0x4 build/timers.o
 .bss.pxOverflowTimerList
                0x0000000020004518        0x4 build/timers.o
 .bss.xActiveTimerList1
                0x000000002000451c       0x14 build/timers.o
 .bss.xActiveTimerList2
                0x0000000020004530       0x14 build/timers.o
 .bss.xLastTime.5528
                0x0000000020004544        0x4 build/timers.o
 .bss.xTimerQueue
                0x0000000020004548        0x4 build/timers.o
 .bss.xTimerTaskHandle
                0x000000002000454c        0x4 build/timers.o
 *(COMMON)
 COMMON         0x0000000020004550       0x50 build/queue.o
                0x0000000020004550                xQueueRegistry
                0x00000000200045a0                . = ALIGN (0x4)
                0x00000000200045a0                _ebss = .
                0x00000000200045a0                __bss_end__ = _ebss

._user_heap_stack
                0x00000000200045a0      0x600 load address 0x00000000080018a0
                0x00000000200045a0                . = ALIGN (0x8)
                [!provide]                        PROVIDE (end = .)
                [!provide]                        PROVIDE (_end = .)
                0x00000000200047a0                . = (. + _Min_Heap_Size)
 *fill*         0x00000000200045a0      0x200 
                0x0000000020004ba0                . = (. + _Min_Stack_Size)
 *fill*         0x00000000200047a0      0x400 
                0x0000000020004ba0                . = ALIGN (0x8)

/DISCARD/
 libc.a(*)
 libm.a(*)
 libgcc.a(*)

.ARM.attributes
                0x0000000000000000       0x29
 *(.ARM.attributes)
 .ARM.attributes
                0x0000000000000000       0x1d c:/software/embeddedgcc/arm_gcc/bin/../lib/gcc/arm-none-eabi/8.2.1/thumb/v7-m/nofp/crti.o
 .ARM.attributes
                0x000000000000001d       0x2d c:/software/embeddedgcc/arm_gcc/bin/../lib/gcc/arm-none-eabi/8.2.1/thumb/v7-m/nofp/crtbegin.o
 .ARM.attributes
                0x000000000000004a       0x2d build/main.o
 .ARM.attributes
                0x0000000000000077       0x2d build/sysInit.o
 .ARM.attributes
                0x00000000000000a4       0x2d build/uartLib.o
 .ARM.attributes
                0x00000000000000d1       0x2d build/pwmLib.o
 .ARM.attributes
                0x00000000000000fe       0x2d build/system_stm32f1xx.o
 .ARM.attributes
                0x000000000000012b       0x2d build/heap_1.o
 .ARM.attributes
                0x0000000000000158       0x2d build/list.o
 .ARM.attributes
                0x0000000000000185       0x2d build/port.o
 .ARM.attributes
                0x00000000000001b2       0x2d build/queue.o
 .ARM.attributes
                0x00000000000001df       0x2d build/tasks.o
 .ARM.attributes
                0x000000000000020c       0x2d build/timers.o
 .ARM.attributes
                0x0000000000000239       0x21 build/startup_stm32f105xc.o
 .ARM.attributes
                0x000000000000025a       0x2d c:/software/embeddedgcc/arm_gcc/bin/../lib/gcc/arm-none-eabi/8.2.1/../../../../arm-none-eabi/lib/thumb/v7-m/nofp\libc_nano.a(lib_a-memcpy-stub.o)
 .ARM.attributes
                0x0000000000000287       0x2d c:/software/embeddedgcc/arm_gcc/bin/../lib/gcc/arm-none-eabi/8.2.1/thumb/v7-m/nofp/crtend.o
 .ARM.attributes
                0x00000000000002b4       0x1d c:/software/embeddedgcc/arm_gcc/bin/../lib/gcc/arm-none-eabi/8.2.1/thumb/v7-m/nofp/crtn.o
OUTPUT(build/testNumber.elf elf32-littlearm)

.debug_info     0x0000000000000000     0xa68b
 .debug_info    0x0000000000000000      0x63a build/main.o
 .debug_info    0x000000000000063a      0x370 build/sysInit.o
 .debug_info    0x00000000000009aa      0x770 build/uartLib.o
 .debug_info    0x000000000000111a      0x405 build/pwmLib.o
 .debug_info    0x000000000000151f      0x4cf build/system_stm32f1xx.o
 .debug_info    0x00000000000019ee      0xb60 build/heap_1.o
 .debug_info    0x000000000000254e      0xc96 build/list.o
 .debug_info    0x00000000000031e4      0x3aa build/port.o
 .debug_info    0x000000000000358e     0x27a4 build/queue.o
 .debug_info    0x0000000000005d32     0x2c35 build/tasks.o
 .debug_info    0x0000000000008967     0x1d02 build/timers.o
 .debug_info    0x000000000000a669       0x22 build/startup_stm32f105xc.o

.debug_abbrev   0x0000000000000000     0x192e
 .debug_abbrev  0x0000000000000000      0x195 build/main.o
 .debug_abbrev  0x0000000000000195       0xdb build/sysInit.o
 .debug_abbrev  0x0000000000000270      0x1b4 build/uartLib.o
 .debug_abbrev  0x0000000000000424       0xdb build/pwmLib.o
 .debug_abbrev  0x00000000000004ff      0x12e build/system_stm32f1xx.o
 .debug_abbrev  0x000000000000062d      0x277 build/heap_1.o
 .debug_abbrev  0x00000000000008a4      0x245 build/list.o
 .debug_abbrev  0x0000000000000ae9      0x222 build/port.o
 .debug_abbrev  0x0000000000000d0b      0x43b build/queue.o
 .debug_abbrev  0x0000000000001146      0x451 build/tasks.o
 .debug_abbrev  0x0000000000001597      0x385 build/timers.o
 .debug_abbrev  0x000000000000191c       0x12 build/startup_stm32f105xc.o

.debug_loc      0x0000000000000000     0x52a7
 .debug_loc     0x0000000000000000      0x16d build/main.o
 .debug_loc     0x000000000000016d       0x9e build/uartLib.o
 .debug_loc     0x000000000000020b      0x222 build/system_stm32f1xx.o
 .debug_loc     0x000000000000042d       0x80 build/heap_1.o
 .debug_loc     0x00000000000004ad       0xbf build/list.o
 .debug_loc     0x000000000000056c      0x12a build/port.o
 .debug_loc     0x0000000000000696     0x1a79 build/queue.o
 .debug_loc     0x000000000000210f     0x202e build/tasks.o
 .debug_loc     0x000000000000413d     0x116a build/timers.o

.debug_aranges  0x0000000000000000      0x590
 .debug_aranges
                0x0000000000000000       0x40 build/main.o
 .debug_aranges
                0x0000000000000040       0x30 build/sysInit.o
 .debug_aranges
                0x0000000000000070       0x30 build/uartLib.o
 .debug_aranges
                0x00000000000000a0       0x20 build/pwmLib.o
 .debug_aranges
                0x00000000000000c0       0x28 build/system_stm32f1xx.o
 .debug_aranges
                0x00000000000000e8       0x38 build/heap_1.o
 .debug_aranges
                0x0000000000000120       0x40 build/list.o
 .debug_aranges
                0x0000000000000160       0x70 build/port.o
 .debug_aranges
                0x00000000000001d0      0x118 build/queue.o
 .debug_aranges
                0x00000000000002e8      0x1a8 build/tasks.o
 .debug_aranges
                0x0000000000000490       0xd8 build/timers.o
 .debug_aranges
                0x0000000000000568       0x28 build/startup_stm32f105xc.o

.debug_ranges   0x0000000000000000      0x638
 .debug_ranges  0x0000000000000000       0x30 build/main.o
 .debug_ranges  0x0000000000000030       0x20 build/sysInit.o
 .debug_ranges  0x0000000000000050       0x20 build/uartLib.o
 .debug_ranges  0x0000000000000070       0x10 build/pwmLib.o
 .debug_ranges  0x0000000000000080       0x18 build/system_stm32f1xx.o
 .debug_ranges  0x0000000000000098       0x28 build/heap_1.o
 .debug_ranges  0x00000000000000c0       0x30 build/list.o
 .debug_ranges  0x00000000000000f0       0x60 build/port.o
 .debug_ranges  0x0000000000000150      0x1b0 build/queue.o
 .debug_ranges  0x0000000000000300      0x250 build/tasks.o
 .debug_ranges  0x0000000000000550       0xc8 build/timers.o
 .debug_ranges  0x0000000000000618       0x20 build/startup_stm32f105xc.o

.debug_line     0x0000000000000000     0x4bf0
 .debug_line    0x0000000000000000      0x2df build/main.o
 .debug_line    0x00000000000002df      0x25f build/sysInit.o
 .debug_line    0x000000000000053e      0x211 build/uartLib.o
 .debug_line    0x000000000000074f      0x193 build/pwmLib.o
 .debug_line    0x00000000000008e2      0x27f build/system_stm32f1xx.o
 .debug_line    0x0000000000000b61      0x26d build/heap_1.o
 .debug_line    0x0000000000000dce      0x367 build/list.o
 .debug_line    0x0000000000001135      0x339 build/port.o
 .debug_line    0x000000000000146e     0x123d build/queue.o
 .debug_line    0x00000000000026ab     0x1b3a build/tasks.o
 .debug_line    0x00000000000041e5      0x998 build/timers.o
 .debug_line    0x0000000000004b7d       0x73 build/startup_stm32f105xc.o

.debug_str      0x0000000000000000     0x24dd
 .debug_str     0x0000000000000000      0x2ae build/main.o
                                        0x311 (size before relaxing)
 .debug_str     0x00000000000002ae       0x8c build/sysInit.o
                                        0x278 (size before relaxing)
 .debug_str     0x000000000000033a      0x474 build/uartLib.o
                                        0x6c5 (size before relaxing)
 .debug_str     0x00000000000007ae       0x12 build/pwmLib.o
                                        0x281 (size before relaxing)
 .debug_str     0x00000000000007c0       0xd7 build/system_stm32f1xx.o
                                        0x2eb (size before relaxing)
 .debug_str     0x0000000000000897      0x47e build/heap_1.o
                                        0x620 (size before relaxing)
 .debug_str     0x0000000000000d15      0x148 build/list.o
                                        0x6aa (size before relaxing)
 .debug_str     0x0000000000000e5d      0x19a build/port.o
                                        0x32d (size before relaxing)
 .debug_str     0x0000000000000ff7      0x78c build/queue.o
                                        0xe9a (size before relaxing)
 .debug_str     0x0000000000001783      0x85e build/tasks.o
                                       0x125d (size before relaxing)
 .debug_str     0x0000000000001fe1      0x4d7 build/timers.o
                                        0xd1a (size before relaxing)
 .debug_str     0x00000000000024b8       0x25 build/startup_stm32f105xc.o
                                         0x40 (size before relaxing)

.comment        0x0000000000000000       0x68
 .comment       0x0000000000000000       0x68 build/main.o
                                         0x69 (size before relaxing)
 .comment       0x0000000000000068       0x69 build/sysInit.o
 .comment       0x0000000000000068       0x69 build/uartLib.o
 .comment       0x0000000000000068       0x69 build/pwmLib.o
 .comment       0x0000000000000068       0x69 build/system_stm32f1xx.o
 .comment       0x0000000000000068       0x69 build/heap_1.o
 .comment       0x0000000000000068       0x69 build/list.o
 .comment       0x0000000000000068       0x69 build/port.o
 .comment       0x0000000000000068       0x69 build/queue.o
 .comment       0x0000000000000068       0x69 build/tasks.o
 .comment       0x0000000000000068       0x69 build/timers.o

.debug_frame    0x0000000000000000      0xff0
 .debug_frame   0x0000000000000000       0x9c build/main.o
 .debug_frame   0x000000000000009c       0x40 build/sysInit.o
 .debug_frame   0x00000000000000dc       0x50 build/uartLib.o
 .debug_frame   0x000000000000012c       0x20 build/pwmLib.o
 .debug_frame   0x000000000000014c       0x40 build/system_stm32f1xx.o
 .debug_frame   0x000000000000018c       0x60 build/heap_1.o
 .debug_frame   0x00000000000001ec       0x70 build/list.o
 .debug_frame   0x000000000000025c       0xe0 build/port.o
 .debug_frame   0x000000000000033c      0x3cc build/queue.o
 .debug_frame   0x0000000000000708      0x5d8 build/tasks.o
 .debug_frame   0x0000000000000ce0      0x2e8 build/timers.o
 .debug_frame   0x0000000000000fc8       0x28 c:/software/embeddedgcc/arm_gcc/bin/../lib/gcc/arm-none-eabi/8.2.1/../../../../arm-none-eabi/lib/thumb/v7-m/nofp\libc_nano.a(lib_a-memcpy-stub.o)

Cross Reference Table

Symbol                                            File
ADC1_2_IRQHandler                                 build/startup_stm32f105xc.o
AHBPrescTable                                     build/system_stm32f1xx.o
APBPrescTable                                     build/system_stm32f1xx.o
BusFault_Handler                                  build/startup_stm32f105xc.o
CAN1_RX0_IRQHandler                               build/startup_stm32f105xc.o
CAN1_RX1_IRQHandler                               build/startup_stm32f105xc.o
CAN1_SCE_IRQHandler                               build/startup_stm32f105xc.o
CAN1_TX_IRQHandler                                build/startup_stm32f105xc.o
CAN2_RX0_IRQHandler                               build/startup_stm32f105xc.o
CAN2_RX1_IRQHandler                               build/startup_stm32f105xc.o
CAN2_SCE_IRQHandler                               build/startup_stm32f105xc.o
CAN2_TX_IRQHandler                                build/startup_stm32f105xc.o
DMA1_Channel1_IRQHandler                          build/startup_stm32f105xc.o
DMA1_Channel2_IRQHandler                          build/startup_stm32f105xc.o
DMA1_Channel3_IRQHandler                          build/startup_stm32f105xc.o
DMA1_Channel4_IRQHandler                          build/startup_stm32f105xc.o
DMA1_Channel5_IRQHandler                          build/startup_stm32f105xc.o
DMA1_Channel6_IRQHandler                          build/startup_stm32f105xc.o
DMA1_Channel7_IRQHandler                          build/startup_stm32f105xc.o
DMA2_Channel1_IRQHandler                          build/startup_stm32f105xc.o
DMA2_Channel2_IRQHandler                          build/startup_stm32f105xc.o
DMA2_Channel3_IRQHandler                          build/startup_stm32f105xc.o
DMA2_Channel4_IRQHandler                          build/startup_stm32f105xc.o
DMA2_Channel5_IRQHandler                          build/startup_stm32f105xc.o
DebugMon_Handler                                  build/startup_stm32f105xc.o
Default_Handler                                   build/startup_stm32f105xc.o
EXTI0_IRQHandler                                  build/startup_stm32f105xc.o
EXTI15_10_IRQHandler                              build/startup_stm32f105xc.o
EXTI1_IRQHandler                                  build/startup_stm32f105xc.o
EXTI2_IRQHandler                                  build/startup_stm32f105xc.o
EXTI3_IRQHandler                                  build/startup_stm32f105xc.o
EXTI4_IRQHandler                                  build/startup_stm32f105xc.o
EXTI9_5_IRQHandler                                build/startup_stm32f105xc.o
FLASH_IRQHandler                                  build/startup_stm32f105xc.o
GPIO_Init                                         build/sysInit.o
                                                  build/main.o
HardFault_Handler                                 build/startup_stm32f105xc.o
I2C1_ER_IRQHandler                                build/startup_stm32f105xc.o
I2C1_EV_IRQHandler                                build/startup_stm32f105xc.o
I2C2_ER_IRQHandler                                build/startup_stm32f105xc.o
I2C2_EV_IRQHandler                                build/startup_stm32f105xc.o
MCO_out                                           build/sysInit.o
MemManage_Handler                                 build/startup_stm32f105xc.o
NMI_Handler                                       build/startup_stm32f105xc.o
OTG_FS_IRQHandler                                 build/startup_stm32f105xc.o
OTG_FS_WKUP_IRQHandler                            build/startup_stm32f105xc.o
PVD_IRQHandler                                    build/startup_stm32f105xc.o
PWM_Init                                          build/pwmLib.o
                                                  build/main.o
PendSV_Handler                                    build/port.o
RCC_IRQHandler                                    build/startup_stm32f105xc.o
RCC_Init                                          build/sysInit.o
                                                  build/main.o
RTC_Alarm_IRQHandler                              build/startup_stm32f105xc.o
RTC_IRQHandler                                    build/startup_stm32f105xc.o
Reset_Handler                                     build/startup_stm32f105xc.o
SPI1_IRQHandler                                   build/startup_stm32f105xc.o
SPI2_IRQHandler                                   build/startup_stm32f105xc.o
SPI3_IRQHandler                                   build/startup_stm32f105xc.o
SVC_Handler                                       build/port.o
SysTick_Handler                                   build/port.o
SystemCoreClock                                   build/system_stm32f1xx.o
SystemCoreClockUpdate                             build/system_stm32f1xx.o
SystemInit                                        build/system_stm32f1xx.o
                                                  build/startup_stm32f105xc.o
TAMPER_IRQHandler                                 build/startup_stm32f105xc.o
TIM1_BRK_IRQHandler                               build/startup_stm32f105xc.o
TIM1_CC_IRQHandler                                build/startup_stm32f105xc.o
TIM1_TRG_COM_IRQHandler                           build/startup_stm32f105xc.o
TIM1_UP_IRQHandler                                build/startup_stm32f105xc.o
TIM2_IRQHandler                                   build/startup_stm32f105xc.o
TIM3_IRQHandler                                   build/startup_stm32f105xc.o
TIM4_IRQHandler                                   build/startup_stm32f105xc.o
TIM5_IRQHandler                                   build/startup_stm32f105xc.o
TIM6_IRQHandler                                   build/startup_stm32f105xc.o
TIM7_IRQHandler                                   build/startup_stm32f105xc.o
UART4_IRQHandler                                  build/startup_stm32f105xc.o
UART5_IRQHandler                                  build/startup_stm32f105xc.o
USART1_IRQHandler                                 build/startup_stm32f105xc.o
USART2_IRQHandler                                 build/startup_stm32f105xc.o
USART3_IRQHandler                                 build/main.o
USART3_Init                                       build/uartLib.o
USART3_Send                                       build/uartLib.o
USART3_Send_String                                build/uartLib.o
                                                  build/main.o
UsageFault_Handler                                build/startup_stm32f105xc.o
WWDG_IRQHandler                                   build/startup_stm32f105xc.o
_ITM_deregisterTMCloneTable                       c:/software/embeddedgcc/arm_gcc/bin/../lib/gcc/arm-none-eabi/8.2.1/thumb/v7-m/nofp/crtbegin.o
_ITM_registerTMCloneTable                         c:/software/embeddedgcc/arm_gcc/bin/../lib/gcc/arm-none-eabi/8.2.1/thumb/v7-m/nofp/crtbegin.o
__TMC_END__                                       c:/software/embeddedgcc/arm_gcc/bin/../lib/gcc/arm-none-eabi/8.2.1/thumb/v7-m/nofp/crtend.o
                                                  c:/software/embeddedgcc/arm_gcc/bin/../lib/gcc/arm-none-eabi/8.2.1/thumb/v7-m/nofp/crtbegin.o
__bss_end__                                       c:/software/embeddedgcc/arm_gcc/bin/../lib/gcc/arm-none-eabi/8.2.1/../../../../arm-none-eabi/lib/thumb/v7-m/nofp/crt0.o
__bss_start__                                     c:/software/embeddedgcc/arm_gcc/bin/../lib/gcc/arm-none-eabi/8.2.1/../../../../arm-none-eabi/lib/thumb/v7-m/nofp/crt0.o
__call_exitprocs                                  c:/software/embeddedgcc/arm_gcc/bin/../lib/gcc/arm-none-eabi/8.2.1/../../../../arm-none-eabi/lib/thumb/v7-m/nofp\libc_nano.a(lib_a-exit.o)
__deregister_frame_info                           c:/software/embeddedgcc/arm_gcc/bin/../lib/gcc/arm-none-eabi/8.2.1/thumb/v7-m/nofp/crtbegin.o
__dso_handle                                      c:/software/embeddedgcc/arm_gcc/bin/../lib/gcc/arm-none-eabi/8.2.1/thumb/v7-m/nofp/crtbegin.o
__init_array_end                                  c:/software/embeddedgcc/arm_gcc/bin/../lib/gcc/arm-none-eabi/8.2.1/../../../../arm-none-eabi/lib/thumb/v7-m/nofp\libc_nano.a(lib_a-init.o)
__init_array_start                                c:/software/embeddedgcc/arm_gcc/bin/../lib/gcc/arm-none-eabi/8.2.1/../../../../arm-none-eabi/lib/thumb/v7-m/nofp\libc_nano.a(lib_a-init.o)
__libc_fini_array                                 c:/software/embeddedgcc/arm_gcc/bin/../lib/gcc/arm-none-eabi/8.2.1/../../../../arm-none-eabi/lib/thumb/v7-m/nofp/crt0.o
__libc_init_array                                 c:/software/embeddedgcc/arm_gcc/bin/../lib/gcc/arm-none-eabi/8.2.1/../../../../arm-none-eabi/lib/thumb/v7-m/nofp\libc_nano.a(lib_a-init.o)
                                                  c:/software/embeddedgcc/arm_gcc/bin/../lib/gcc/arm-none-eabi/8.2.1/../../../../arm-none-eabi/lib/thumb/v7-m/nofp/crt0.o
__preinit_array_end                               c:/software/embeddedgcc/arm_gcc/bin/../lib/gcc/arm-none-eabi/8.2.1/../../../../arm-none-eabi/lib/thumb/v7-m/nofp\libc_nano.a(lib_a-init.o)
__preinit_array_start                             c:/software/embeddedgcc/arm_gcc/bin/../lib/gcc/arm-none-eabi/8.2.1/../../../../arm-none-eabi/lib/thumb/v7-m/nofp\libc_nano.a(lib_a-init.o)
__register_frame_info                             c:/software/embeddedgcc/arm_gcc/bin/../lib/gcc/arm-none-eabi/8.2.1/thumb/v7-m/nofp/crtbegin.o
__sf_fake_stderr                                  c:/software/embeddedgcc/arm_gcc/bin/../lib/gcc/arm-none-eabi/8.2.1/../../../../arm-none-eabi/lib/thumb/v7-m/nofp\libc_nano.a(lib_a-impure.o)
__sf_fake_stdin                                   c:/software/embeddedgcc/arm_gcc/bin/../lib/gcc/arm-none-eabi/8.2.1/../../../../arm-none-eabi/lib/thumb/v7-m/nofp\libc_nano.a(lib_a-impure.o)
__sf_fake_stdout                                  c:/software/embeddedgcc/arm_gcc/bin/../lib/gcc/arm-none-eabi/8.2.1/../../../../arm-none-eabi/lib/thumb/v7-m/nofp\libc_nano.a(lib_a-impure.o)
__stack                                           c:/software/embeddedgcc/arm_gcc/bin/../lib/gcc/arm-none-eabi/8.2.1/../../../../arm-none-eabi/lib/thumb/v7-m/nofp/crt0.o
_ebss                                             build/startup_stm32f105xc.o
_edata                                            build/startup_stm32f105xc.o
_estack                                           build/startup_stm32f105xc.o
_exit                                             c:/software/embeddedgcc/arm_gcc/bin/../lib/gcc/arm-none-eabi/8.2.1/../../../../arm-none-eabi/lib/thumb/v7-m/nofp\libnosys.a(_exit.o)
                                                  c:/software/embeddedgcc/arm_gcc/bin/../lib/gcc/arm-none-eabi/8.2.1/../../../../arm-none-eabi/lib/thumb/v7-m/nofp\libc_nano.a(lib_a-exit.o)
_fini                                             c:/software/embeddedgcc/arm_gcc/bin/../lib/gcc/arm-none-eabi/8.2.1/thumb/v7-m/nofp/crti.o
_global_impure_ptr                                c:/software/embeddedgcc/arm_gcc/bin/../lib/gcc/arm-none-eabi/8.2.1/../../../../arm-none-eabi/lib/thumb/v7-m/nofp\libc_nano.a(lib_a-impure.o)
                                                  c:/software/embeddedgcc/arm_gcc/bin/../lib/gcc/arm-none-eabi/8.2.1/../../../../arm-none-eabi/lib/thumb/v7-m/nofp\libc_nano.a(lib_a-exit.o)
_impure_ptr                                       c:/software/embeddedgcc/arm_gcc/bin/../lib/gcc/arm-none-eabi/8.2.1/../../../../arm-none-eabi/lib/thumb/v7-m/nofp\libc_nano.a(lib_a-impure.o)
_init                                             c:/software/embeddedgcc/arm_gcc/bin/../lib/gcc/arm-none-eabi/8.2.1/thumb/v7-m/nofp/crti.o
                                                  c:/software/embeddedgcc/arm_gcc/bin/../lib/gcc/arm-none-eabi/8.2.1/../../../../arm-none-eabi/lib/thumb/v7-m/nofp\libc_nano.a(lib_a-init.o)
_mainCRTStartup                                   c:/software/embeddedgcc/arm_gcc/bin/../lib/gcc/arm-none-eabi/8.2.1/../../../../arm-none-eabi/lib/thumb/v7-m/nofp/crt0.o
_sbss                                             build/startup_stm32f105xc.o
_sdata                                            build/startup_stm32f105xc.o
_sidata                                           build/startup_stm32f105xc.o
_start                                            c:/software/embeddedgcc/arm_gcc/bin/../lib/gcc/arm-none-eabi/8.2.1/../../../../arm-none-eabi/lib/thumb/v7-m/nofp/crt0.o
atexit                                            c:/software/embeddedgcc/arm_gcc/bin/../lib/gcc/arm-none-eabi/8.2.1/../../../../arm-none-eabi/lib/thumb/v7-m/nofp/crt0.o
exit                                              c:/software/embeddedgcc/arm_gcc/bin/../lib/gcc/arm-none-eabi/8.2.1/../../../../arm-none-eabi/lib/thumb/v7-m/nofp\libc_nano.a(lib_a-exit.o)
                                                  c:/software/embeddedgcc/arm_gcc/bin/../lib/gcc/arm-none-eabi/8.2.1/../../../../arm-none-eabi/lib/thumb/v7-m/nofp/crt0.o
g_pfnVectors                                      build/startup_stm32f105xc.o
hardware_init_hook                                c:/software/embeddedgcc/arm_gcc/bin/../lib/gcc/arm-none-eabi/8.2.1/../../../../arm-none-eabi/lib/thumb/v7-m/nofp/crt0.o
main                                              build/main.o
                                                  build/startup_stm32f105xc.o
                                                  c:/software/embeddedgcc/arm_gcc/bin/../lib/gcc/arm-none-eabi/8.2.1/../../../../arm-none-eabi/lib/thumb/v7-m/nofp/crt0.o
memcpy                                            c:/software/embeddedgcc/arm_gcc/bin/../lib/gcc/arm-none-eabi/8.2.1/../../../../arm-none-eabi/lib/thumb/v7-m/nofp\libc_nano.a(lib_a-memcpy-stub.o)
                                                  build/stream_buffer.o
                                                  build/queue.o
memset                                            c:/software/embeddedgcc/arm_gcc/bin/../lib/gcc/arm-none-eabi/8.2.1/../../../../arm-none-eabi/lib/thumb/v7-m/nofp\libc_nano.a(lib_a-memset.o)
                                                  build/stream_buffer.o
                                                  c:/software/embeddedgcc/arm_gcc/bin/../lib/gcc/arm-none-eabi/8.2.1/../../../../arm-none-eabi/lib/thumb/v7-m/nofp/crt0.o
pcQueueGetName                                    build/queue.o
pcTaskGetName                                     build/tasks.o
pcTimerGetName                                    build/timers.o
pvPortMalloc                                      build/heap_1.o
                                                  build/timers.o
                                                  build/tasks.o
                                                  build/stream_buffer.o
                                                  build/queue.o
                                                  build/event_groups.o
pvTaskIncrementMutexHeldCount                     build/tasks.o
                                                  build/queue.o
pvTimerGetTimerID                                 build/timers.o
pxCurrentTCB                                      build/tasks.o
                                                  build/port.o
pxPortInitialiseStack                             build/port.o
                                                  build/tasks.o
software_init_hook                                c:/software/embeddedgcc/arm_gcc/bin/../lib/gcc/arm-none-eabi/8.2.1/../../../../arm-none-eabi/lib/thumb/v7-m/nofp/crt0.o
ulTaskNotifyTake                                  build/tasks.o
ulTaskNotifyValueClear                            build/tasks.o
uxListRemove                                      build/list.o
                                                  build/timers.o
                                                  build/tasks.o
uxQueueMessagesWaiting                            build/queue.o
uxQueueMessagesWaitingFromISR                     build/queue.o
uxQueueSpacesAvailable                            build/queue.o
uxTaskGetNumberOfTasks                            build/tasks.o
uxTaskPriorityGet                                 build/tasks.o
uxTaskPriorityGetFromISR                          build/tasks.o
uxTaskResetEventItemValue                         build/tasks.o
                                                  build/event_groups.o
uxTimerGetReloadMode                              build/timers.o
vEventGroupClearBitsCallback                      build/event_groups.o
vEventGroupDelete                                 build/event_groups.o
vEventGroupSetBitsCallback                        build/event_groups.o
vListInitialise                                   build/list.o
                                                  build/timers.o
                                                  build/tasks.o
                                                  build/queue.o
                                                  build/event_groups.o
vListInitialiseItem                               build/list.o
                                                  build/timers.o
                                                  build/tasks.o
vListInsert                                       build/list.o
                                                  build/timers.o
                                                  build/tasks.o
vListInsertEnd                                    build/list.o
                                                  build/tasks.o
vPortEndScheduler                                 build/port.o
                                                  build/tasks.o
vPortEnterCritical                                build/port.o
                                                  build/timers.o
                                                  build/tasks.o
                                                  build/stream_buffer.o
                                                  build/queue.o
                                                  build/event_groups.o
vPortExitCritical                                 build/port.o
                                                  build/timers.o
                                                  build/tasks.o
                                                  build/stream_buffer.o
                                                  build/queue.o
                                                  build/event_groups.o
vPortFree                                         build/heap_1.o
                                                  build/timers.o
                                                  build/tasks.o
                                                  build/stream_buffer.o
                                                  build/queue.o
                                                  build/event_groups.o
vPortInitialiseBlocks                             build/heap_1.o
vPortSetupTimerInterrupt                          build/port.o
vQueueAddToRegistry                               build/queue.o
                                                  build/timers.o
vQueueDelete                                      build/queue.o
vQueueUnregisterQueue                             build/queue.o
vQueueWaitForMessageRestricted                    build/queue.o
                                                  build/timers.o
vStreamBufferDelete                               build/stream_buffer.o
vTaskButtonUser                                   build/main.o
vTaskDelay                                        build/tasks.o
                                                  build/main.o
vTaskDelayUntil                                   build/tasks.o
vTaskEndScheduler                                 build/tasks.o
vTaskInternalSetTimeOutState                      build/tasks.o
                                                  build/queue.o
vTaskLed1                                         build/main.o
vTaskLed2                                         build/main.o
vTaskMissedYield                                  build/tasks.o
                                                  build/queue.o
vTaskNotifyGiveFromISR                            build/tasks.o
vTaskPlaceOnEventList                             build/tasks.o
                                                  build/queue.o
vTaskPlaceOnEventListRestricted                   build/tasks.o
                                                  build/queue.o
vTaskPlaceOnUnorderedEventList                    build/tasks.o
                                                  build/event_groups.o
vTaskPriorityDisinheritAfterTimeout               build/tasks.o
                                                  build/queue.o
vTaskPrioritySet                                  build/tasks.o
vTaskRemoveFromUnorderedEventList                 build/tasks.o
                                                  build/event_groups.o
vTaskResume                                       build/tasks.o
vTaskSetTimeOutState                              build/tasks.o
                                                  build/stream_buffer.o
vTaskStartScheduler                               build/tasks.o
                                                  build/main.o
vTaskSuspend                                      build/tasks.o
vTaskSuspendAll                                   build/tasks.o
                                                  build/timers.o
                                                  build/stream_buffer.o
                                                  build/queue.o
                                                  build/heap_1.o
                                                  build/event_groups.o
vTaskSwitchContext                                build/tasks.o
                                                  build/port.o
vTimerSetReloadMode                               build/timers.o
vTimerSetTimerID                                  build/timers.o
xEventGroupClearBits                              build/event_groups.o
xEventGroupCreate                                 build/event_groups.o
xEventGroupGetBitsFromISR                         build/event_groups.o
xEventGroupSetBits                                build/event_groups.o
xEventGroupSync                                   build/event_groups.o
xEventGroupWaitBits                               build/event_groups.o
xPortGetFreeHeapSize                              build/heap_1.o
xPortStartScheduler                               build/port.o
                                                  build/tasks.o
xQueueCreateCountingSemaphore                     build/queue.o
xQueueCreateMutex                                 build/queue.o
xQueueGenericCreate                               build/queue.o
                                                  build/timers.o
xQueueGenericReset                                build/queue.o
xQueueGenericSend                                 build/queue.o
                                                  build/timers.o
xQueueGenericSendFromISR                          build/queue.o
                                                  build/timers.o
xQueueGiveFromISR                                 build/queue.o
xQueueGiveMutexRecursive                          build/queue.o
xQueueIsQueueEmptyFromISR                         build/queue.o
xQueueIsQueueFullFromISR                          build/queue.o
xQueuePeek                                        build/queue.o
xQueuePeekFromISR                                 build/queue.o
xQueueReceive                                     build/queue.o
                                                  build/timers.o
xQueueReceiveFromISR                              build/queue.o
xQueueRegistry                                    build/queue.o
xQueueSemaphoreTake                               build/queue.o
xQueueTakeMutexRecursive                          build/queue.o
xStreamBufferBytesAvailable                       build/stream_buffer.o
xStreamBufferGenericCreate                        build/stream_buffer.o
xStreamBufferIsEmpty                              build/stream_buffer.o
xStreamBufferIsFull                               build/stream_buffer.o
xStreamBufferNextMessageLengthBytes               build/stream_buffer.o
xStreamBufferReceive                              build/stream_buffer.o
xStreamBufferReceiveCompletedFromISR              build/stream_buffer.o
xStreamBufferReceiveFromISR                       build/stream_buffer.o
xStreamBufferReset                                build/stream_buffer.o
xStreamBufferSend                                 build/stream_buffer.o
xStreamBufferSendCompletedFromISR                 build/stream_buffer.o
xStreamBufferSendFromISR                          build/stream_buffer.o
xStreamBufferSetTriggerLevel                      build/stream_buffer.o
xStreamBufferSpacesAvailable                      build/stream_buffer.o
xTaskCatchUpTicks                                 build/tasks.o
xTaskCheckForTimeOut                              build/tasks.o
                                                  build/stream_buffer.o
                                                  build/queue.o
xTaskCreate                                       build/tasks.o
                                                  build/timers.o
                                                  build/main.o
xTaskGenericNotify                                build/tasks.o
                                                  build/stream_buffer.o
xTaskGenericNotifyFromISR                         build/tasks.o
                                                  build/stream_buffer.o
xTaskGetCurrentTaskHandle                         build/tasks.o
                                                  build/stream_buffer.o
                                                  build/queue.o
xTaskGetSchedulerState                            build/tasks.o
                                                  build/timers.o
xTaskGetTickCount                                 build/tasks.o
                                                  build/timers.o
xTaskGetTickCountFromISR                          build/tasks.o
xTaskIncrementTick                                build/tasks.o
                                                  build/port.o
xTaskNotifyStateClear                             build/tasks.o
                                                  build/stream_buffer.o
xTaskNotifyWait                                   build/tasks.o
                                                  build/stream_buffer.o
xTaskPriorityDisinherit                           build/tasks.o
                                                  build/queue.o
xTaskPriorityInherit                              build/tasks.o
                                                  build/queue.o
xTaskRemoveFromEventList                          build/tasks.o
                                                  build/queue.o
xTaskResumeAll                                    build/tasks.o
                                                  build/timers.o
                                                  build/stream_buffer.o
                                                  build/queue.o
                                                  build/heap_1.o
                                                  build/event_groups.o
xTaskResumeFromISR                                build/tasks.o
xTimerCreate                                      build/timers.o
xTimerCreateTimerTask                             build/timers.o
                                                  build/tasks.o
xTimerGenericCommand                              build/timers.o
xTimerGetExpiryTime                               build/timers.o
xTimerGetPeriod                                   build/timers.o
xTimerGetTimerDaemonTaskHandle                    build/timers.o
xTimerIsTimerActive                               build/timers.o
xTimerPendFunctionCall                            build/timers.o
xTimerPendFunctionCallFromISR                     build/timers.o
