core_cm4.h:1626:22:NVIC_EnableIRQ	16	static
InitBasicPeripherals.c:9:6:InitBasicPeripherals	8	static
InitBasicPeripherals.c:20:6:InitFaultLED	4	static
InitBasicPeripherals.c:41:6:UseFaultLED	16	static
InitBasicPeripherals.c:70:6:InitStatusLED	4	static
InitBasicPeripherals.c:79:6:UseStatusLED	16	static
InitBasicPeripherals.c:86:6:StartInitClock	4	static
InitBasicPeripherals.c:106:6:EnableOutputMCO	4	static
InitBasicPeripherals.c:121:6:InitSignalBuzzer	8	static
InitBasicPeripherals.c:139:6:UseSignalBuzzer	16	static
InitBasicPeripherals.c:147:6:TIM3_IRQHandler	4	static
InitBasicPeripherals.c:155:6:InitSysTick	4	static
InitBasicPeripherals.c:164:6:SysTick_Handler	4	static
InitBasicPeripherals.c:170:6:Delay	16	static
InitBasicPeripherals.c:177:6:InitBasicUSART1	4	static
InitBasicPeripherals.c:200:6:SendDataUSART1	16	static
InitBasicPeripherals.c:207:6:SendCharUSART1	16	static
InitBasicPeripherals.c:214:6:SendStringUSART1	24	static
